[debug] [2025-09-03T15:34:20.099Z] ----------------------------------------------------------------------
[debug] [2025-09-03T15:34:20.102Z] Command:       /usr/local/bin/node /usr/local/bin/firebase deploy --only functions
[debug] [2025-09-03T15:34:20.103Z] CLI Version:   14.12.0
[debug] [2025-09-03T15:34:20.103Z] Platform:      darwin
[debug] [2025-09-03T15:34:20.103Z] Node Version:  v22.13.1
[debug] [2025-09-03T15:34:20.104Z] Time:          Wed Sep 03 2025 11:34:20 GMT-0400 (Eastern Daylight Time)
[debug] [2025-09-03T15:34:20.104Z] ----------------------------------------------------------------------
[debug] 
[debug] [2025-09-03T15:34:20.400Z] > command requires scopes: ["email","openid","https://www.googleapis.com/auth/cloudplatformprojects.readonly","https://www.googleapis.com/auth/firebase","https://www.googleapis.com/auth/cloud-platform"]
[debug] [2025-09-03T15:34:20.401Z] > authorizing via signed-in user (lewisian8787@gmail.com)
[debug] [2025-09-03T15:34:20.401Z] [iam] checking project lineupcfb for permissions ["cloudfunctions.functions.create","cloudfunctions.functions.delete","cloudfunctions.functions.get","cloudfunctions.functions.list","cloudfunctions.functions.update","cloudfunctions.operations.get","firebase.projects.get"]
[debug] [2025-09-03T15:34:20.403Z] Checked if tokens are valid: true, expires at: 1756915764271
[debug] [2025-09-03T15:34:20.404Z] Checked if tokens are valid: true, expires at: 1756915764271
[debug] [2025-09-03T15:34:20.405Z] >>> [apiv2][query] POST https://cloudresourcemanager.googleapis.com/v1/projects/lineupcfb:testIamPermissions [none]
[debug] [2025-09-03T15:34:20.405Z] >>> [apiv2][(partial)header] POST https://cloudresourcemanager.googleapis.com/v1/projects/lineupcfb:testIamPermissions x-goog-quota-user=projects/lineupcfb
[debug] [2025-09-03T15:34:20.405Z] >>> [apiv2][body] POST https://cloudresourcemanager.googleapis.com/v1/projects/lineupcfb:testIamPermissions {"permissions":["cloudfunctions.functions.create","cloudfunctions.functions.delete","cloudfunctions.functions.get","cloudfunctions.functions.list","cloudfunctions.functions.update","cloudfunctions.operations.get","firebase.projects.get"]}
[debug] [2025-09-03T15:34:20.629Z] <<< [apiv2][status] POST https://cloudresourcemanager.googleapis.com/v1/projects/lineupcfb:testIamPermissions 200
[debug] [2025-09-03T15:34:20.630Z] <<< [apiv2][body] POST https://cloudresourcemanager.googleapis.com/v1/projects/lineupcfb:testIamPermissions {"permissions":["cloudfunctions.functions.create","cloudfunctions.functions.delete","cloudfunctions.functions.get","cloudfunctions.functions.list","cloudfunctions.functions.update","cloudfunctions.operations.get","firebase.projects.get"]}
[debug] [2025-09-03T15:34:20.630Z] Checked if tokens are valid: true, expires at: 1756915764271
[debug] [2025-09-03T15:34:20.630Z] Checked if tokens are valid: true, expires at: 1756915764271
[debug] [2025-09-03T15:34:20.630Z] >>> [apiv2][query] POST https://iam.googleapis.com/v1/projects/lineupcfb/serviceAccounts/lineupcfb@appspot.gserviceaccount.com:testIamPermissions [none]
[debug] [2025-09-03T15:34:20.630Z] >>> [apiv2][body] POST https://iam.googleapis.com/v1/projects/lineupcfb/serviceAccounts/lineupcfb@appspot.gserviceaccount.com:testIamPermissions {"permissions":["iam.serviceAccounts.actAs"]}
[debug] [2025-09-03T15:34:20.813Z] <<< [apiv2][status] POST https://iam.googleapis.com/v1/projects/lineupcfb/serviceAccounts/lineupcfb@appspot.gserviceaccount.com:testIamPermissions 200
[debug] [2025-09-03T15:34:20.813Z] <<< [apiv2][body] POST https://iam.googleapis.com/v1/projects/lineupcfb/serviceAccounts/lineupcfb@appspot.gserviceaccount.com:testIamPermissions {"permissions":["iam.serviceAccounts.actAs"]}
[info] 
[info] === Deploying to 'lineupcfb'...
[info] 
[info] i  deploying functions 
[debug] [2025-09-03T15:34:20.817Z] Checked if tokens are valid: true, expires at: 1756915764271
[debug] [2025-09-03T15:34:20.817Z] Checked if tokens are valid: true, expires at: 1756915764271
[debug] [2025-09-03T15:34:20.817Z] >>> [apiv2][query] GET https://cloudresourcemanager.googleapis.com/v1/projects/lineupcfb [none]
[debug] [2025-09-03T15:34:20.929Z] <<< [apiv2][status] GET https://cloudresourcemanager.googleapis.com/v1/projects/lineupcfb 200
[debug] [2025-09-03T15:34:20.929Z] <<< [apiv2][body] GET https://cloudresourcemanager.googleapis.com/v1/projects/lineupcfb {"projectNumber":"505858001263","projectId":"lineupcfb","lifecycleState":"ACTIVE","name":"lineupcfb","labels":{"firebase":"enabled","firebase-core":"disabled"},"createTime":"2025-07-11T15:54:56.746207Z"}
[info] i  functions: preparing codebase default for deployment 
[info] i  functions: ensuring required API cloudfunctions.googleapis.com is enabled... 
[info] i  functions: ensuring required API cloudbuild.googleapis.com is enabled... 
[info] i  artifactregistry: ensuring required API artifactregistry.googleapis.com is enabled... 
[debug] [2025-09-03T15:34:20.931Z] Checked if tokens are valid: true, expires at: 1756915764271
[debug] [2025-09-03T15:34:20.931Z] Checked if tokens are valid: true, expires at: 1756915764271
[debug] [2025-09-03T15:34:20.931Z] >>> [apiv2][query] GET https://firebase.googleapis.com/v1beta1/projects/lineupcfb/adminSdkConfig [none]
[debug] [2025-09-03T15:34:21.357Z] <<< [apiv2][status] GET https://firebase.googleapis.com/v1beta1/projects/lineupcfb/adminSdkConfig 200
[debug] [2025-09-03T15:34:21.357Z] <<< [apiv2][body] GET https://firebase.googleapis.com/v1beta1/projects/lineupcfb/adminSdkConfig {"projectId":"lineupcfb","storageBucket":"lineupcfb.firebasestorage.app"}
[debug] [2025-09-03T15:34:21.357Z] Checked if tokens are valid: true, expires at: 1756915764271
[debug] [2025-09-03T15:34:21.357Z] Checked if tokens are valid: true, expires at: 1756915764271
[debug] [2025-09-03T15:34:21.358Z] >>> [apiv2][query] GET https://runtimeconfig.googleapis.com/v1beta1/projects/lineupcfb/configs [none]
[debug] [2025-09-03T15:34:21.528Z] <<< [apiv2][status] GET https://runtimeconfig.googleapis.com/v1beta1/projects/lineupcfb/configs 200
[debug] [2025-09-03T15:34:21.529Z] <<< [apiv2][body] GET https://runtimeconfig.googleapis.com/v1beta1/projects/lineupcfb/configs {"configs":[{"name":"projects/lineupcfb/configs/cfb"}]}
[debug] [2025-09-03T15:34:21.530Z] Checked if tokens are valid: true, expires at: 1756915764271
[debug] [2025-09-03T15:34:21.530Z] Checked if tokens are valid: true, expires at: 1756915764271
[debug] [2025-09-03T15:34:21.530Z] >>> [apiv2][query] GET https://runtimeconfig.googleapis.com/v1beta1/projects/lineupcfb/configs/cfb/variables [none]
[debug] [2025-09-03T15:34:21.635Z] <<< [apiv2][status] GET https://runtimeconfig.googleapis.com/v1beta1/projects/lineupcfb/configs/cfb/variables 200
[debug] [2025-09-03T15:34:21.635Z] <<< [apiv2][body] GET https://runtimeconfig.googleapis.com/v1beta1/projects/lineupcfb/configs/cfb/variables {"variables":[{"name":"projects/lineupcfb/configs/cfb/variables/key","updateTime":"2025-08-11T05:58:20.427355890Z"}]}
[debug] [2025-09-03T15:34:21.635Z] Checked if tokens are valid: true, expires at: 1756915764271
[debug] [2025-09-03T15:34:21.635Z] Checked if tokens are valid: true, expires at: 1756915764271
[debug] [2025-09-03T15:34:21.635Z] >>> [apiv2][query] GET https://runtimeconfig.googleapis.com/v1beta1/projects/lineupcfb/configs/cfb/variables/key [none]
[debug] [2025-09-03T15:34:21.740Z] <<< [apiv2][status] GET https://runtimeconfig.googleapis.com/v1beta1/projects/lineupcfb/configs/cfb/variables/key 200
[debug] [2025-09-03T15:34:21.740Z] <<< [apiv2][body] GET https://runtimeconfig.googleapis.com/v1beta1/projects/lineupcfb/configs/cfb/variables/key {"name":"projects/lineupcfb/configs/cfb/variables/key","updateTime":"2025-08-11T05:58:20.427355890Z","text":"CAv+hzLPB+Egn4elkCCtU4ZiimKrvdOKf81Q1YUJreEQ/+vwyx4QkNYocrVotFip"}
[debug] [2025-09-03T15:34:21.742Z] Validating nodejs source
[debug] [2025-09-03T15:34:22.885Z] > [functions] package.json contents: {
  "name": "functions",
  "description": "Cloud Functions for Firebase",
  "scripts": {
    "serve": "firebase emulators:start --only functions",
    "shell": "firebase functions:shell",
    "start": "npm run shell",
    "deploy": "firebase deploy --only functions",
    "logs": "firebase functions:log"
  },
  "engines": {
    "node": "20"
  },
  "main": "index.js",
  "dependencies": {
    "firebase-admin": "^12.6.0",
    "firebase-functions": "^6.4.0"
  },
  "devDependencies": {
    "firebase-functions-test": "^3.1.0"
  },
  "private": true
}
[debug] [2025-09-03T15:34:22.885Z] Building nodejs source
[info] i  functions: Loading and analyzing source code for codebase default to determine what to deploy 
[debug] [2025-09-03T15:34:22.886Z] Could not find functions.yaml. Must use http discovery
[debug] [2025-09-03T15:34:22.899Z] Found firebase-functions binary at '/Users/ianlewis/Documents/projects/lineup/functions/node_modules/.bin/firebase-functions'
[info] Serving at port 8955

[debug] [2025-09-03T15:34:23.780Z] Got response from /__/functions.yaml {"endpoints":{"deleteAuthUser":{"availableMemoryMb":256,"timeoutSeconds":120,"minInstances":null,"maxInstances":null,"ingressSettings":null,"concurrency":null,"serviceAccountEmail":null,"vpc":null,"platform":"gcfv2","region":["us-central1"],"secretEnvironmentVariables":[{"key":"CFB_KEY"}],"labels":{},"callableTrigger":{},"entryPoint":"deleteAuthUser"},"cfbIngestLinesScheduled":{"availableMemoryMb":256,"timeoutSeconds":120,"minInstances":null,"maxInstances":null,"ingressSettings":null,"concurrency":null,"serviceAccountEmail":null,"vpc":null,"platform":"gcfv2","region":["us-central1"],"secretEnvironmentVariables":[{"key":"CFB_KEY"}],"labels":{},"scheduleTrigger":{"schedule":"*/30 * * * *","retryConfig":{},"timeZone":"America/New_York"},"entryPoint":"cfbIngestLinesScheduled"},"debugFirestoreTeams":{"availableMemoryMb":256,"timeoutSeconds":120,"minInstances":null,"maxInstances":null,"ingressSettings":null,"concurrency":null,"serviceAccountEmail":null,"vpc":null,"platform":"gcfv2","region":["us-central1"],"secretEnvironmentVariables":[{"key":"CFB_KEY"}],"labels":{},"httpsTrigger":{},"entryPoint":"debugFirestoreTeams"},"debugShortDisplayNames":{"availableMemoryMb":256,"timeoutSeconds":120,"minInstances":null,"maxInstances":null,"ingressSettings":null,"concurrency":null,"serviceAccountEmail":null,"vpc":null,"platform":"gcfv2","region":["us-central1"],"secretEnvironmentVariables":[{"key":"CFB_KEY"}],"labels":{},"httpsTrigger":{},"entryPoint":"debugShortDisplayNames"},"debugSchedule":{"availableMemoryMb":256,"timeoutSeconds":120,"minInstances":null,"maxInstances":null,"ingressSettings":null,"concurrency":null,"serviceAccountEmail":null,"vpc":null,"platform":"gcfv2","region":["us-central1"],"secretEnvironmentVariables":[{"key":"CFB_KEY"}],"labels":{},"httpsTrigger":{},"entryPoint":"debugSchedule"},"debugLiveScoring":{"availableMemoryMb":256,"timeoutSeconds":120,"minInstances":null,"maxInstances":null,"ingressSettings":null,"concurrency":null,"serviceAccountEmail":null,"vpc":null,"platform":"gcfv2","region":["us-central1"],"secretEnvironmentVariables":[{"key":"CFB_KEY"}],"labels":{},"httpsTrigger":{},"entryPoint":"debugLiveScoring"},"debugESPNTeamNames":{"availableMemoryMb":256,"timeoutSeconds":120,"minInstances":null,"maxInstances":null,"ingressSettings":null,"concurrency":null,"serviceAccountEmail":null,"vpc":null,"platform":"gcfv2","region":["us-central1"],"secretEnvironmentVariables":[{"key":"CFB_KEY"}],"labels":{},"httpsTrigger":{},"entryPoint":"debugESPNTeamNames"},"cleanupManualEntries":{"availableMemoryMb":256,"timeoutSeconds":120,"minInstances":null,"maxInstances":null,"ingressSettings":null,"concurrency":null,"serviceAccountEmail":null,"vpc":null,"platform":"gcfv2","region":["us-central1"],"secretEnvironmentVariables":[{"key":"CFB_KEY"}],"labels":{},"httpsTrigger":{},"entryPoint":"cleanupManualEntries"},"ingestLiveScores":{"availableMemoryMb":256,"timeoutSeconds":120,"minInstances":null,"maxInstances":null,"ingressSettings":null,"concurrency":null,"serviceAccountEmail":null,"vpc":null,"platform":"gcfv2","region":["us-central1"],"secretEnvironmentVariables":[{"key":"CFB_KEY"}],"labels":{},"scheduleTrigger":{"schedule":"*/2 * * * *","retryConfig":{},"timeZone":"America/New_York"},"entryPoint":"ingestLiveScores"},"triggerLiveScores":{"availableMemoryMb":256,"timeoutSeconds":120,"minInstances":null,"maxInstances":null,"ingressSettings":null,"concurrency":null,"serviceAccountEmail":null,"vpc":null,"platform":"gcfv2","region":["us-central1"],"secretEnvironmentVariables":[{"key":"CFB_KEY"}],"labels":{},"httpsTrigger":{},"entryPoint":"triggerLiveScores"},"recalculateMemberPoints":{"availableMemoryMb":256,"timeoutSeconds":120,"minInstances":null,"maxInstances":null,"ingressSettings":null,"concurrency":null,"serviceAccountEmail":null,"vpc":null,"platform":"gcfv2","region":["us-central1"],"secretEnvironmentVariables":[{"key":"CFB_KEY"}],"labels":{},"httpsTrigger":{},"entryPoint":"recalculateMemberPoints"},"resetAllTeamStats":{"availableMemoryMb":256,"timeoutSeconds":120,"minInstances":null,"maxInstances":null,"ingressSettings":null,"concurrency":null,"serviceAccountEmail":null,"vpc":null,"platform":"gcfv2","region":["us-central1"],"secretEnvironmentVariables":[{"key":"CFB_KEY"}],"labels":{},"httpsTrigger":{},"entryPoint":"resetAllTeamStats"},"clearFutureGameScores":{"availableMemoryMb":256,"timeoutSeconds":120,"minInstances":null,"maxInstances":null,"ingressSettings":null,"concurrency":null,"serviceAccountEmail":null,"vpc":null,"platform":"gcfv2","region":["us-central1"],"secretEnvironmentVariables":[{"key":"CFB_KEY"}],"labels":{},"httpsTrigger":{},"entryPoint":"clearFutureGameScores"},"debugESPN":{"availableMemoryMb":256,"timeoutSeconds":120,"minInstances":null,"maxInstances":null,"ingressSettings":null,"concurrency":null,"serviceAccountEmail":null,"vpc":null,"platform":"gcfv2","region":["us-central1"],"secretEnvironmentVariables":[{"key":"CFB_KEY"}],"labels":{},"httpsTrigger":{},"entryPoint":"debugESPN"},"triggerLiveScoresSafe":{"availableMemoryMb":256,"timeoutSeconds":120,"minInstances":null,"maxInstances":null,"ingressSettings":null,"concurrency":null,"serviceAccountEmail":null,"vpc":null,"platform":"gcfv2","region":["us-central1"],"secretEnvironmentVariables":[{"key":"CFB_KEY"}],"labels":{},"httpsTrigger":{},"entryPoint":"triggerLiveScoresSafe"},"backfillRecentGames":{"availableMemoryMb":256,"timeoutSeconds":120,"minInstances":null,"maxInstances":null,"ingressSettings":null,"concurrency":null,"serviceAccountEmail":null,"vpc":null,"platform":"gcfv2","region":["us-central1"],"secretEnvironmentVariables":[{"key":"CFB_KEY"}],"labels":{},"httpsTrigger":{},"entryPoint":"backfillRecentGames"},"dailyBackfillMissedGames":{"availableMemoryMb":256,"timeoutSeconds":120,"minInstances":null,"maxInstances":null,"ingressSettings":null,"concurrency":null,"serviceAccountEmail":null,"vpc":null,"platform":"gcfv2","region":["us-central1"],"secretEnvironmentVariables":[{"key":"CFB_KEY"}],"labels":{},"scheduleTrigger":{"schedule":"0 6 * * *","retryConfig":{},"timeZone":"America/New_York"},"entryPoint":"dailyBackfillMissedGames"},"testSpreadSync":{"availableMemoryMb":256,"timeoutSeconds":120,"minInstances":null,"maxInstances":null,"ingressSettings":null,"concurrency":null,"serviceAccountEmail":null,"vpc":null,"platform":"gcfv2","region":["us-central1"],"secretEnvironmentVariables":[{"key":"CFB_KEY"}],"labels":{},"httpsTrigger":{},"entryPoint":"testSpreadSync"},"syncRecordsForCompletedGames":{"availableMemoryMb":256,"timeoutSeconds":120,"minInstances":null,"maxInstances":null,"ingressSettings":null,"concurrency":null,"serviceAccountEmail":null,"vpc":null,"platform":"gcfv2","region":["us-central1"],"secretEnvironmentVariables":[{"key":"CFB_KEY"}],"labels":{},"httpsTrigger":{},"entryPoint":"syncRecordsForCompletedGames"},"debugESPNFull":{"availableMemoryMb":256,"timeoutSeconds":120,"minInstances":null,"maxInstances":null,"ingressSettings":null,"concurrency":null,"serviceAccountEmail":null,"vpc":null,"platform":"gcfv2","region":["us-central1"],"secretEnvironmentVariables":[{"key":"CFB_KEY"}],"labels":{},"httpsTrigger":{},"entryPoint":"debugESPNFull"},"debugActiveGames":{"availableMemoryMb":256,"timeoutSeconds":120,"minInstances":null,"maxInstances":null,"ingressSettings":null,"concurrency":null,"serviceAccountEmail":null,"vpc":null,"platform":"gcfv2","region":["us-central1"],"secretEnvironmentVariables":[{"key":"CFB_KEY"}],"labels":{},"httpsTrigger":{},"entryPoint":"debugActiveGames"},"updateAllTeamNextOpponents":{"availableMemoryMb":256,"timeoutSeconds":120,"minInstances":null,"maxInstances":null,"ingressSettings":null,"concurrency":null,"serviceAccountEmail":null,"vpc":null,"platform":"gcfv2","region":["us-central1"],"secretEnvironmentVariables":[{"key":"CFB_KEY"}],"labels":{},"httpsTrigger":{},"entryPoint":"updateAllTeamNextOpponents"},"debugMissingGames":{"availableMemoryMb":256,"timeoutSeconds":120,"minInstances":null,"maxInstances":null,"ingressSettings":null,"concurrency":null,"serviceAccountEmail":null,"vpc":null,"platform":"gcfv2","region":["us-central1"],"secretEnvironmentVariables":[{"key":"CFB_KEY"}],"labels":{},"httpsTrigger":{},"entryPoint":"debugMissingGames"},"debugAllTeamsATS":{"availableMemoryMb":256,"timeoutSeconds":120,"minInstances":null,"maxInstances":null,"ingressSettings":null,"concurrency":null,"serviceAccountEmail":null,"vpc":null,"platform":"gcfv2","region":["us-central1"],"secretEnvironmentVariables":[{"key":"CFB_KEY"}],"labels":{},"httpsTrigger":{},"entryPoint":"debugAllTeamsATS"},"fixTeamCompletionStatus":{"availableMemoryMb":256,"timeoutSeconds":120,"minInstances":null,"maxInstances":null,"ingressSettings":null,"concurrency":null,"serviceAccountEmail":null,"vpc":null,"platform":"gcfv2","region":["us-central1"],"secretEnvironmentVariables":[{"key":"CFB_KEY"}],"labels":{},"httpsTrigger":{},"entryPoint":"fixTeamCompletionStatus"},"debugMissouriCalculation":{"availableMemoryMb":256,"timeoutSeconds":120,"minInstances":null,"maxInstances":null,"ingressSettings":null,"concurrency":null,"serviceAccountEmail":null,"vpc":null,"platform":"gcfv2","region":["us-central1"],"secretEnvironmentVariables":[{"key":"CFB_KEY"}],"labels":{},"httpsTrigger":{},"entryPoint":"debugMissouriCalculation"},"debugTeamCalculation":{"availableMemoryMb":256,"timeoutSeconds":120,"minInstances":null,"maxInstances":null,"ingressSettings":null,"concurrency":null,"serviceAccountEmail":null,"vpc":null,"platform":"gcfv2","region":["us-central1"],"secretEnvironmentVariables":[{"key":"CFB_KEY"}],"labels":{},"httpsTrigger":{},"entryPoint":"debugTeamCalculation"},"updateArmySpread":{"availableMemoryMb":256,"timeoutSeconds":120,"minInstances":null,"maxInstances":null,"ingressSettings":null,"concurrency":null,"serviceAccountEmail":null,"vpc":null,"platform":"gcfv2","region":["us-central1"],"secretEnvironmentVariables":[{"key":"CFB_KEY"}],"labels":{},"httpsTrigger":{},"entryPoint":"updateArmySpread"},"updateTeamRecordsFromSchedule":{"availableMemoryMb":256,"timeoutSeconds":120,"minInstances":null,"maxInstances":null,"ingressSettings":null,"concurrency":null,"serviceAccountEmail":null,"vpc":null,"platform":"gcfv2","region":["us-central1"],"secretEnvironmentVariables":[{"key":"CFB_KEY"}],"labels":{},"httpsTrigger":{},"entryPoint":"updateTeamRecordsFromSchedule"},"updateTeamRecordsScheduled":{"availableMemoryMb":256,"timeoutSeconds":120,"minInstances":null,"maxInstances":null,"ingressSettings":null,"concurrency":null,"serviceAccountEmail":null,"vpc":null,"platform":"gcfv2","region":["us-central1"],"secretEnvironmentVariables":[{"key":"CFB_KEY"}],"labels":{},"scheduleTrigger":{"schedule":"0 8 * * *","retryConfig":{},"timeZone":"America/New_York"},"entryPoint":"updateTeamRecordsScheduled"},"advanceWeekAndSnapshot":{"availableMemoryMb":256,"timeoutSeconds":120,"minInstances":null,"maxInstances":null,"ingressSettings":null,"concurrency":null,"serviceAccountEmail":null,"vpc":null,"platform":"gcfv2","region":["us-central1"],"secretEnvironmentVariables":[{"key":"CFB_KEY"}],"labels":{},"httpsTrigger":{},"entryPoint":"advanceWeekAndSnapshot"},"fixCurrentWeekState":{"availableMemoryMb":256,"timeoutSeconds":120,"minInstances":null,"maxInstances":null,"ingressSettings":null,"concurrency":null,"serviceAccountEmail":null,"vpc":null,"platform":"gcfv2","region":["us-central1"],"secretEnvironmentVariables":[{"key":"CFB_KEY"}],"labels":{},"httpsTrigger":{},"entryPoint":"fixCurrentWeekState"},"testCFBDAPI":{"availableMemoryMb":256,"timeoutSeconds":120,"minInstances":null,"maxInstances":null,"ingressSettings":null,"concurrency":null,"serviceAccountEmail":null,"vpc":null,"platform":"gcfv2","region":["us-central1"],"secretEnvironmentVariables":[{"key":"CFB_KEY"}],"labels":{},"httpsTrigger":{},"entryPoint":"testCFBDAPI"},"testWeek2Ingestion":{"availableMemoryMb":256,"timeoutSeconds":120,"minInstances":null,"maxInstances":null,"ingressSettings":null,"concurrency":null,"serviceAccountEmail":null,"vpc":null,"platform":"gcfv2","region":["us-central1"],"secretEnvironmentVariables":[{"key":"CFB_KEY"}],"labels":{},"httpsTrigger":{},"entryPoint":"testWeek2Ingestion"}},"specVersion":"v1alpha1","requiredAPIs":[{"api":"cloudscheduler.googleapis.com","reason":"Needed for scheduled functions."}],"extensions":{},"params":[{"type":"secret","name":"CFB_KEY"}]}
[info] i  extensions: ensuring required API firebaseextensions.googleapis.com is enabled... 
[debug] [2025-09-03T15:34:27.833Z] > command requires scopes: ["email","openid","https://www.googleapis.com/auth/cloudplatformprojects.readonly","https://www.googleapis.com/auth/firebase","https://www.googleapis.com/auth/cloud-platform"]
[debug] [2025-09-03T15:34:27.833Z] > authorizing via signed-in user (lewisian8787@gmail.com)
[debug] [2025-09-03T15:34:27.834Z] [iam] checking project lineupcfb for permissions ["firebase.projects.get","firebaseextensions.instances.list"]
[debug] [2025-09-03T15:34:27.834Z] Checked if tokens are valid: true, expires at: 1756915764271
[debug] [2025-09-03T15:34:27.834Z] Checked if tokens are valid: true, expires at: 1756915764271
[debug] [2025-09-03T15:34:27.834Z] >>> [apiv2][query] POST https://cloudresourcemanager.googleapis.com/v1/projects/lineupcfb:testIamPermissions [none]
[debug] [2025-09-03T15:34:27.834Z] >>> [apiv2][(partial)header] POST https://cloudresourcemanager.googleapis.com/v1/projects/lineupcfb:testIamPermissions x-goog-quota-user=projects/lineupcfb
[debug] [2025-09-03T15:34:27.834Z] >>> [apiv2][body] POST https://cloudresourcemanager.googleapis.com/v1/projects/lineupcfb:testIamPermissions {"permissions":["firebase.projects.get","firebaseextensions.instances.list"]}
[debug] [2025-09-03T15:34:27.943Z] <<< [apiv2][status] POST https://cloudresourcemanager.googleapis.com/v1/projects/lineupcfb:testIamPermissions 200
[debug] [2025-09-03T15:34:27.943Z] <<< [apiv2][body] POST https://cloudresourcemanager.googleapis.com/v1/projects/lineupcfb:testIamPermissions {"permissions":["firebase.projects.get","firebaseextensions.instances.list"]}
[debug] [2025-09-03T15:34:27.944Z] Checked if tokens are valid: true, expires at: 1756915764271
[debug] [2025-09-03T15:34:27.944Z] Checked if tokens are valid: true, expires at: 1756915764271
[debug] [2025-09-03T15:34:27.944Z] >>> [apiv2][query] GET https://firebaseextensions.googleapis.com/v1beta/projects/lineupcfb/instances pageSize=100&pageToken=
[debug] [2025-09-03T15:34:28.320Z] <<< [apiv2][status] GET https://firebaseextensions.googleapis.com/v1beta/projects/lineupcfb/instances 200
[debug] [2025-09-03T15:34:28.320Z] <<< [apiv2][body] GET https://firebaseextensions.googleapis.com/v1beta/projects/lineupcfb/instances {}
[debug] [2025-09-03T15:34:28.322Z] Checked if tokens are valid: true, expires at: 1756915764271
[debug] [2025-09-03T15:34:28.322Z] Checked if tokens are valid: true, expires at: 1756915764271
[debug] [2025-09-03T15:34:28.322Z] >>> [apiv2][query] GET https://secretmanager.googleapis.com/v1/projects/lineupcfb/secrets/CFB_KEY [none]
[debug] [2025-09-03T15:34:28.483Z] <<< [apiv2][status] GET https://secretmanager.googleapis.com/v1/projects/lineupcfb/secrets/CFB_KEY 200
[debug] [2025-09-03T15:34:28.484Z] <<< [apiv2][body] GET https://secretmanager.googleapis.com/v1/projects/lineupcfb/secrets/CFB_KEY {"name":"projects/505858001263/secrets/CFB_KEY","replication":{"automatic":{}},"createTime":"2025-08-11T06:49:52.357154Z","labels":{"firebase-managed":"functions"},"etag":"\"163c1154a61745\""}
[debug] [2025-09-03T15:34:28.484Z] Checked if tokens are valid: true, expires at: 1756915764271
[debug] [2025-09-03T15:34:28.484Z] Checked if tokens are valid: true, expires at: 1756915764271
[debug] [2025-09-03T15:34:28.484Z] >>> [apiv2][query] GET https://secretmanager.googleapis.com/v1/projects/lineupcfb/secrets/CFB_KEY/versions/latest [none]
[debug] [2025-09-03T15:34:28.573Z] <<< [apiv2][status] GET https://secretmanager.googleapis.com/v1/projects/lineupcfb/secrets/CFB_KEY/versions/latest 200
[debug] [2025-09-03T15:34:28.573Z] <<< [apiv2][body] GET https://secretmanager.googleapis.com/v1/projects/lineupcfb/secrets/CFB_KEY/versions/latest {"name":"projects/505858001263/secrets/CFB_KEY/versions/1","createTime":"2025-08-11T06:50:08.458018Z","state":"ENABLED","replicationStatus":{"automatic":{}},"etag":"\"163c115598e522\""}
[info] i  functions: preparing functions directory for uploading... 
[info] i  functions: packaged /Users/ianlewis/Documents/projects/lineup/functions (103.88 KB) for uploading 
[debug] [2025-09-03T15:34:28.621Z] Checked if tokens are valid: true, expires at: 1756915764271
[debug] [2025-09-03T15:34:28.621Z] Checked if tokens are valid: true, expires at: 1756915764271
[debug] [2025-09-03T15:34:28.621Z] >>> [apiv2][query] GET https://cloudfunctions.googleapis.com/v1/projects/lineupcfb/locations/-/functions [none]
[debug] [2025-09-03T15:34:30.113Z] <<< [apiv2][status] GET https://cloudfunctions.googleapis.com/v1/projects/lineupcfb/locations/-/functions 200
[debug] [2025-09-03T15:34:30.113Z] <<< [apiv2][body] GET https://cloudfunctions.googleapis.com/v1/projects/lineupcfb/locations/-/functions {}
[debug] [2025-09-03T15:34:30.114Z] Checked if tokens are valid: true, expires at: 1756915764271
[debug] [2025-09-03T15:34:30.114Z] Checked if tokens are valid: true, expires at: 1756915764271
[debug] [2025-09-03T15:34:30.114Z] >>> [apiv2][query] GET https://cloudfunctions.googleapis.com/v2/projects/lineupcfb/locations/-/functions filter=environment%3D%22GEN_2%22
